========================================================================================================================
                                                   LNO-AFQMC Results                                                    
========================================================================================================================
 Num          Fragment    LAS SIZE      E(MP2)     E(CCSD)    E(AFQMC)     Error   t(CCSD)   t(wait)  t(AFQMC)
------------------------------------------------------------------------------------------------------------------------
   1                O0  [8 8]       -0.03948239  -0.05383473    -0.05450   0.00005      0.09      0.09     46.51
   2                O1  [8 8]       -0.03947257  -0.05381605    -0.05447   0.00004      0.40      0.00     39.24
   3                O2  [8 8]       -0.03947294  -0.05381617    -0.05448   0.00004      0.09      0.00     35.68
   4                O3  [8 8]       -0.03948277  -0.05383488    -0.05456   0.00004      0.11      0.00     39.44
------------------------------------------------------------------------------------------------------------------------
                                                  Summarize Fragments                                                   
------------------------------------------------------------------------------------------------------------------------
LNO-Thresh            Max LAS       E[MP2]      E[CCSD]   E[AFQMC] Err[AFQMC]  CCSD-Time AFQMC-Time
[1.00e-04, 1.00e-05]        8  -0.15791067  -0.21530183   -0.21801    0.00008       0.69     160.88
------------------------------------------------------------------------------------------------------------------------
                                              Pipeline (prefetch depth 1)                                               
------------------------------------------------------------------------------------------------------------------------
Loop wall time                   160.97 s
Serial equivalent (CPU+GPU)      161.57 s
CPU time hidden behind GPU         0.60 s (86.7%)
Speedup vs serial                  1.00 x
========================================================================================================================

