========================================================================================================================
                                                   LNO-AFQMC Results                                                    
========================================================================================================================
 Num          Fragment    LAS SIZE      E(MP2)     E(CCSD)    E(AFQMC)     Error   t(CCSD)   t(wait)  t(AFQMC)
------------------------------------------------------------------------------------------------------------------------
   1                O0  [8 8]       -0.03947400  -0.05382427    -0.05452   0.00005      0.06      0.06     38.04
   2                O1  [8 8]       -0.03947401  -0.05382429    -0.05449   0.00005      0.08      0.00     34.55
   3                O2  [8 8]       -0.03947516  -0.05382472    -0.05450   0.00005      0.06      0.00     33.69
   4                O3  [8 8]       -0.03947512  -0.05382461    -0.05448   0.00004      0.08      0.00     33.76
------------------------------------------------------------------------------------------------------------------------
                                                  Summarize Fragments                                                   
------------------------------------------------------------------------------------------------------------------------
LNO-Thresh            Max LAS       E[MP2]      E[CCSD]   E[AFQMC] Err[AFQMC]  CCSD-Time AFQMC-Time
[1.00e-04, 1.00e-05]        8  -0.15789830  -0.21529789   -0.21798    0.00009       0.27     140.04
------------------------------------------------------------------------------------------------------------------------
                                              Pipeline (prefetch depth 1)                                               
------------------------------------------------------------------------------------------------------------------------
Loop wall time                   140.10 s
Serial equivalent (CPU+GPU)      140.31 s
CPU time hidden behind GPU         0.21 s (78.4%)
Speedup vs serial                  1.00 x
========================================================================================================================

