========================================================================================================================
                                                   LNO-AFQMC Results                                                    
========================================================================================================================
 Num          Fragment    LAS SIZE      E(MP2)     E(CCSD)    E(AFQMC)     Error   t(CCSD)   t(wait)  t(AFQMC)
------------------------------------------------------------------------------------------------------------------------
   1                N0  8           -0.07090660  -0.07197472    -0.07304   0.00009      0.03      0.03     33.69
   2                N1  8           -0.07090660  -0.07197472    -0.07314   0.00008      0.05      0.00     27.88
------------------------------------------------------------------------------------------------------------------------
                                                  Summarize Fragments                                                   
------------------------------------------------------------------------------------------------------------------------
LNO-Thresh            Max LAS       E[MP2]      E[CCSD]   E[AFQMC] Err[AFQMC]  CCSD-Time AFQMC-Time
[1.00e-04, 1.00e-05]        8  -0.14181319  -0.14394944   -0.14618    0.00012       0.08      61.57
------------------------------------------------------------------------------------------------------------------------
                                              Pipeline (prefetch depth 1)                                               
------------------------------------------------------------------------------------------------------------------------
Loop wall time                    61.60 s
Serial equivalent (CPU+GPU)       61.65 s
CPU time hidden behind GPU         0.05 s (58.8%)
Speedup vs serial                  1.00 x
========================================================================================================================

